warning: the feature `generic_associated_types` is incomplete and may cause the compiler to crash
  --> $DIR/lifetime_bound.rs:6:12
   |
LL | #![feature(generic_associated_types)]
   |            ^^^^^^^^^^^^^^^^^^^^^^^^
   |
   = note: `#[warn(incomplete_features)]` on by default

